response: '+SIMCARD: NOT AVAILABLE'
response: '+SIMCARD: NOT AVAILABLE'
response: ''
response: ''
response: ''
response: '+CPIN: READY

+PACSP1

SMS DONE

PB DONE'
response: '+SIMCARD: NOT AVAILABLE'
response: ''
response: ''
